I'm sorry, but errors were detected in your script. Please correct the
errors listed below, and try again.


File "game/script.rpy", line 37: invalid syntax
    init_char("Sprites/Prologue/Oleg/Oleg_1.1.png", xpos 40)
                                                           ^
    

Ren'Py Version: Ren'Py 7.1.3.1092
Mon Jan 21 00:19:48 2019
